// Vitest Snapshot v1

exports[`Get Card Pile 1`] = `
[
  {
    "category": "kandoushi",
    "description": "Il faut le connaitre mais éviter de l'utiliser car dire \\"non\\" en japonais peut paraitre très froid.

Utilisable cependant après que quelqu'un vous complimente pour le refuter et paraitre plus modeste.",
    "id": "KDS-0002",
    "illustrator": "??",
    "name": "いいえ",
    "sentences": "山本：「田中さんですか？」山田：「いいえ。」",
    "translation": "Non",
    "variant": undefined,
  },
  {
    "category": "kandoushi",
    "description": "Se dit uniquement le matin. L'ajout de ございます permet d'être plus formel",
    "id": "KDS-0003",
    "illustrator": "??",
    "name": "おはよう",
    "sentences": "先生！おはようございます。",
    "translation": "Bonjour (matin)",
    "variant": "おはようございます",
  },
  {
    "category": "kandoushi",
    "description": "Utilisable seulement l'après-midi",
    "id": "KDS-0004",
    "illustrator": "??",
    "name": "こんにちは",
    "sentences": "こんにちは！もう食べましたか？",
    "translation": "Bonjour (après-midi)",
    "variant": undefined,
  },
]
`;

exports[`Get One Card 1`] = `
{
  "category": "kandoushi",
  "description": "はい est la version la plus fréquente.
Il existe aussi ええ qui doit être cependant suivi par une phrase.",
  "id": "KDS-0001",
  "illustrator": "stampo.fun",
  "name": "はい",
  "sentences": "山本：「田中さんですか？」田中：「はい。」
山本：「田中さんですか？」田中：「ええ、そうです。」",
  "translation": "Oui",
  "variant": "ええ",
}
`;
